Diagnose log at 2026-06-02T14:02:37Z

AppPath: C:\Program Files\Git\mingw64\bin\git-credential-manager.exe
InstallDir: C:\Program Files\Git\mingw64\bin\
Version: 2.6.1+786ab03440ddc82e807a97c0e540f5247e44cec6

------------
Diagnostic: Environment
Skipped: False
Success: True
Exception: None
Log:
OSType: Windows
OSVersion: 10.0 (build 26200)
Reading environment variables... OK
 Variables:
HOMEPATH=\Users\Owner
DriverData=C:\Windows\System32\Drivers\DriverData
COMPUTERNAME=TABLET-137V9KQC
GIT_TRACE2_PARENT_SID=2a355cb2-49d6-4885-bffd-2304d075e222
CommonProgramFiles(x86)=C:\Program Files (x86)\Common Files
EFC_7956_1592913036=1
OneDrive=C:\Users\Owner\OneDrive
LANG=ja_JP.UTF-8
TMP=C:\Users\Owner\AppData\Local\Temp
HOME=C:\Users\Owner
PROCESSOR_REVISION=7e05
PATHEXT=.COM;.EXE;.BAT;.CMD;.VBS;.VBE;.JS;.JSE;.WSF;.WSH;.MSC;.CPL
POWERSHELL_DISTRIBUTION_CHANNEL=MSI:Windows 10 Home
TEMP=C:\Users\Owner\AppData\Local\Temp
LOCALAPPDATA=C:\Users\Owner\AppData\Local
MSYSTEM=MINGW64
TERM=xterm-256color
PROCESSOR_IDENTIFIER=Intel64 Family 6 Model 126 Stepping 5, GenuineIntel
VSCODE_PYTHON_AUTOACTIVATE_GUARD=1
COLORTERM=truecolor
JAVA_HOME=C:\Program Files\Eclipse Adoptium\jdk-25.0.1.8-hotspot\
USERDOMAIN=TABLET-137V9KQC
ProgramFiles(x86)=C:\Program Files (x86)
Path=C:/Program Files/Git/mingw64/libexec/git-core;C:\Program Files\Git\mingw64\bin;C:\Program Files\Git\usr\bin;C:\Users\Owner\bin;C:\Program Files\PowerShell\7;C:\Program Files\Eclipse Adoptium\jdk-25.0.1.8-hotspot\bin;C:\WINDOWS\system32;C:\WINDOWS;C:\WINDOWS\System32\Wbem;C:\WINDOWS\System32\WindowsPowerShell\v1.0\;C:\WINDOWS\System32\OpenSSH\;C:\Program Files\Git\cmd;C:\Program Files\Git\bin;C:\Program Files\PowerShell\7\;C:\Program Files\nodejs\;C:\Users\Owner\AppData\Local\Microsoft\WindowsApps;C:\Users\Owner\AppData\Local\Programs\Microsoft VS Code\bin;C:\Program Files\Git\bin;C:\Users\Owner\AppData\Roaming\npm
TERM_PROGRAM=vscode
PROCESSOR_LEVEL=6
NUMBER_OF_PROCESSORS=8
TMPDIR=C:\Users\Owner\AppData\Local\Temp
PROMPT=$P$G
TERM_PROGRAM_VERSION=1.122.1
PSModulePath=C:\Users\Owner\Documents\PowerShell\Modules;C:\Program Files\PowerShell\Modules;c:\program files\powershell\7\Modules;C:\Program Files\WindowsPowerShell\Modules;C:\WINDOWS\system32\WindowsPowerShell\v1.0\Modules
PUBLIC=C:\Users\Public
CommonProgramFiles=C:\Program Files (x86)\Common Files
VSCODE_INJECTION=1
CHROME_CRASHPAD_PIPE_NAME=\\.\pipe\crashpad_33564_HYGYOUFKKORJXVVO
PLINK_PROTOCOL=ssh
ProgramData=C:\ProgramData
ProgramW6432=C:\Program Files
ProgramFiles=C:\Program Files (x86)
EFC_7956_4126798990=1
SystemRoot=C:\WINDOWS
SESSIONNAME=Console
CommonProgramW6432=C:\Program Files\Common Files
LOGONSERVER=\\TABLET-137V9KQC
GIT_EXEC_PATH=C:/Program Files/Git/mingw64/libexec/git-core
USERDOMAIN_ROAMINGPROFILE=TABLET-137V9KQC
APPDATA=C:\Users\Owner\AppData\Roaming
HOMEDRIVE=C:
USERNAME=Owner
PROCESSOR_ARCHITEW6432=AMD64
PROCESSOR_ARCHITECTURE=x86
USERPROFILE=C:\Users\Owner
OS=Windows_NT
ComSpec=C:\WINDOWS\system32\cmd.exe
SystemDrive=C:
windir=C:\WINDOWS
GIT_ASKPASS=c:\Users\Owner\AppData\Roaming\Code\User\globalStorage\vscode.git\askpass\493597c785d4c5cb\askpass.sh
ALLUSERSPROFILE=C:\ProgramData


------------
Diagnostic: File system
Skipped: False
Success: True
Exception: None
Log:
Temporary directory is 'C:\Users\Owner\AppData\Local\Temp\'...
Checking basic file I/O...
Writing to temporary file 'C:\Users\Owner\AppData\Local\Temp\b93d488fb8bdf9638ffacc63'... OK
Reading from temporary file 'C:\Users\Owner\AppData\Local\Temp\b93d488fb8bdf9638ffacc63'... OK
Deleting temporary file 'C:\Users\Owner\AppData\Local\Temp\b93d488fb8bdf9638ffacc63'... OK
Testing IFileSystem instance...
UserHomePath: C:\Users\Owner
UserDataDirectoryPath: C:\Users\Owner\.gcm
GetCurrentDirectory(): C:\Users\Owner\futaba-app

------------
Diagnostic: Networking
Skipped: False
Success: True
Exception: None
Log:
Checking networking and HTTP stack...
Creating HTTP client... OK
IsNetworkAvailable: True
Sending HEAD request to http://example.com...Sending HEAD request to https://example.com... OK
 OK
Acquiring free TCP port... OK
Testing local HTTP loopback connections...
Creating new HTTP listener for http://localhost:50885/... OK
Waiting for loopback connection... OK
Writing response... OK
Waiting for response data... OK
Loopback connection data OK

------------
Diagnostic: Git
Skipped: False
Success: True
Exception: None
Log:
Getting Git version... OK
Git version is '2.52.0.windows.1'
Locating current repository...Git repository at 'C:/Users/Owner/futaba-app/.git'
 OK
Listing all Git configuration... OK
Git configuration:
file:C:/Program Files/Git/etc/gitconfig	diff.astextplain.textconv=astextplain
file:C:/Program Files/Git/etc/gitconfig	filter.lfs.clean=git-lfs clean -- %f
file:C:/Program Files/Git/etc/gitconfig	filter.lfs.smudge=git-lfs smudge -- %f
file:C:/Program Files/Git/etc/gitconfig	filter.lfs.process=git-lfs filter-process
file:C:/Program Files/Git/etc/gitconfig	filter.lfs.required=true
file:C:/Program Files/Git/etc/gitconfig	http.sslbackend=schannel
file:C:/Program Files/Git/etc/gitconfig	core.autocrlf=true
file:C:/Program Files/Git/etc/gitconfig	core.fscache=true
file:C:/Program Files/Git/etc/gitconfig	core.symlinks=false
file:C:/Program Files/Git/etc/gitconfig	pull.rebase=false
file:C:/Program Files/Git/etc/gitconfig	credential.helper=manager
file:C:/Program Files/Git/etc/gitconfig	credential.https://dev.azure.com.usehttppath=true
file:C:/Program Files/Git/etc/gitconfig	init.defaultbranch=master
file:C:/Users/Owner/.gitconfig	user.name=kokona
file:C:/Users/Owner/.gitconfig	user.mail=kokonajyamuojisann@gmail.com
file:C:/Users/Owner/.gitconfig	user.email=kokonajyamuojisann@gmail.com

file:C:/Users/Owner/.gitconfig	credential.helper=manager-core
file:.git/config	core.repositoryformatversion=0
file:.git/config	core.filemode=false
file:.git/config	core.bare=false
file:.git/config	core.logallrefupdates=true
file:.git/config	core.symlinks=false
file:.git/config	core.ignorecase=true
file:.git/config	remote.origin.url=https://github.com/kokona-jyamu/futaba-app.git
file:.git/config	remote.origin.fetch=+refs/heads/*:refs/remotes/origin/*


------------
Diagnostic: Credential storage
Skipped: False
Success: True
Exception: None
Log:
ICredentialStore instance is of type: CredentialStore
Writing test credential... OK
Reading test credential... OK
Deleting test credential... OK

------------
Diagnostic: Microsoft authentication (AAD/MSA)
Skipped: False
Success: True
Exception: None
Log:
Broker is not enabled.
Flow type is: Auto
Gathering MSAL token cache data... OK
CacheDirectory: C:\Users\Owner\AppData\Local\.IdentityService
CacheFileName: msal.cache
CacheFilePath: C:\Users\Owner\AppData\Local\.IdentityService\msal.cache
Creating cache helper... OK
Verifying MSAL token cache persistence... OK

------------
Diagnostic: GitHub API
Skipped: False
Success: False
Exception:
System.Threading.Tasks.TaskCanceledException: タスクが取り消されました。
   場所 System.Runtime.CompilerServices.TaskAwaiter.ThrowForNonSuccess(Task task)
   場所 System.Runtime.CompilerServices.TaskAwaiter.HandleNonSuccessAndDebuggerNotification(Task task)
   場所 System.Runtime.CompilerServices.TaskAwaiter`1.GetResult()
   場所 GitHub.GitHubRestApi.<GetMetaInfoAsync>d__5.MoveNext()
--- 直前に例外がスローされた場所からのスタック トレースの終わり ---
   場所 System.Runtime.CompilerServices.TaskAwaiter.ThrowForNonSuccess(Task task)
   場所 System.Runtime.CompilerServices.TaskAwaiter.HandleNonSuccessAndDebuggerNotification(Task task)
   場所 System.Runtime.CompilerServices.TaskAwaiter`1.GetResult()
   場所 GitHub.Diagnostics.GitHubApiDiagnostic.<RunInternalAsync>d__2.MoveNext()
--- 直前に例外がスローされた場所からのスタック トレースの終わり ---
   場所 System.Runtime.CompilerServices.TaskAwaiter.ThrowForNonSuccess(Task task)
   場所 System.Runtime.CompilerServices.TaskAwaiter.HandleNonSuccessAndDebuggerNotification(Task task)
   場所 System.Runtime.CompilerServices.TaskAwaiter`1.GetResult()
   場所 GitCredentialManager.Diagnostics.Diagnostic.<RunAsync>d__6.MoveNext()
Log:
Using 'https://github.com/' as API target.
Querying '/meta' endpoint...
